// Jest Snapshot v1, https://goo.gl/fbAQLP

exports[`[components] - Product should render correctly 1`] = `
Object {
  "asFragment": [Function],
  "baseElement": <body>
    <div>
      <div
        class="Product__Container-sc-124al1g-7 hyfhJv"
        tabindex="1"
      >
        <img
          class="Product__Image-sc-124al1g-1 fwRwaq"
          src="https://i.dummyjson.com/data/products/1/thumbnail.jpg"
        />
        <p
          class="Product__Title-sc-124al1g-3 liqRVD"
        >
          iPhone 9
        </p>
        <p>
          ￡
          549
        </p>
        <button
          class="Product__BuyButton-sc-124al1g-0 jCZDKU"
          tabindex="-1"
        >
          Add to cart
        </button>
      </div>
    </div>
  </body>,
  "container": <div>
    <div
      class="Product__Container-sc-124al1g-7 hyfhJv"
      tabindex="1"
    >
      <img
        class="Product__Image-sc-124al1g-1 fwRwaq"
        src="https://i.dummyjson.com/data/products/1/thumbnail.jpg"
      />
      <p
        class="Product__Title-sc-124al1g-3 liqRVD"
      >
        iPhone 9
      </p>
      <p>
        ￡
        549
      </p>
      <button
        class="Product__BuyButton-sc-124al1g-0 jCZDKU"
        tabindex="-1"
      >
        Add to cart
      </button>
    </div>
  </div>,
  "debug": [Function],
  "findAllByAltText": [Function],
  "findAllByDisplayValue": [Function],
  "findAllByLabelText": [Function],
  "findAllByPlaceholderText": [Function],
  "findAllByRole": [Function],
  "findAllByTestId": [Function],
  "findAllByText": [Function],
  "findAllByTitle": [Function],
  "findByAltText": [Function],
  "findByDisplayValue": [Function],
  "findByLabelText": [Function],
  "findByPlaceholderText": [Function],
  "findByRole": [Function],
  "findByTestId": [Function],
  "findByText": [Function],
  "findByTitle": [Function],
  "getAllByAltText": [Function],
  "getAllByDisplayValue": [Function],
  "getAllByLabelText": [Function],
  "getAllByPlaceholderText": [Function],
  "getAllByRole": [Function],
  "getAllByTestId": [Function],
  "getAllByText": [Function],
  "getAllByTitle": [Function],
  "getByAltText": [Function],
  "getByDisplayValue": [Function],
  "getByLabelText": [Function],
  "getByPlaceholderText": [Function],
  "getByRole": [Function],
  "getByTestId": [Function],
  "getByText": [Function],
  "getByTitle": [Function],
  "queryAllByAltText": [Function],
  "queryAllByDisplayValue": [Function],
  "queryAllByLabelText": [Function],
  "queryAllByPlaceholderText": [Function],
  "queryAllByRole": [Function],
  "queryAllByTestId": [Function],
  "queryAllByText": [Function],
  "queryAllByTitle": [Function],
  "queryByAltText": [Function],
  "queryByDisplayValue": [Function],
  "queryByLabelText": [Function],
  "queryByPlaceholderText": [Function],
  "queryByRole": [Function],
  "queryByTestId": [Function],
  "queryByText": [Function],
  "queryByTitle": [Function],
  "rerender": [Function],
  "unmount": [Function],
}
`;
