// Jest Snapshot v1, https://goo.gl/fbAQLP

exports[`[components] - CartProducts should render correctly 1`] = `
Object {
  "asFragment": [Function],
  "baseElement": <body>
    <div>
      <div
        class="CartProducts__Container-sc-7th5t8-0 hwjriB"
      >
        <div
          class="CartProduct__Container-sc-11uohgb-0 iFEDVZ"
        >
          <button
            class="CartProduct__DeleteButton-sc-11uohgb-5 dlvUQm"
            title="remove product from cart"
          />
          <img
            alt="iPhone 9"
            class="CartProduct__Image-sc-11uohgb-7 dSflEM"
            src="https://i.dummyjson.com/data/products/1/thumbnail.jpg"
          />
          <div
            class="CartProduct__Details-sc-11uohgb-1 dWfwVY"
          >
            <p
              class="CartProduct__Title-sc-11uohgb-2 jVsMjn"
            >
              iPhone 9
            </p>
            <p
              class="CartProduct__Desc-sc-11uohgb-3 ctSnRf"
            >
              Quantity: 
              1
            </p>
          </div>
          <div
            class="CartProduct__Price-sc-11uohgb-4 NDRzT"
          >
            <p>
              £ 
              549
            </p>
            <div>
              <button
                class="CartProduct__ChangeQuantity-sc-11uohgb-6 JoGgi"
                disabled=""
              >
                -
              </button>
              <button
                class="CartProduct__ChangeQuantity-sc-11uohgb-6 JoGgi"
              >
                +
              </button>
            </div>
          </div>
        </div>
        <div
          class="CartProduct__Container-sc-11uohgb-0 iFEDVZ"
        >
          <button
            class="CartProduct__DeleteButton-sc-11uohgb-5 dlvUQm"
            title="remove product from cart"
          />
          <img
            alt="iPhone X"
            class="CartProduct__Image-sc-11uohgb-7 dSflEM"
            src="https://i.dummyjson.com/data/products/2/thumbnail.jpg"
          />
          <div
            class="CartProduct__Details-sc-11uohgb-1 dWfwVY"
          >
            <p
              class="CartProduct__Title-sc-11uohgb-2 jVsMjn"
            >
              iPhone X
            </p>
            <p
              class="CartProduct__Desc-sc-11uohgb-3 ctSnRf"
            >
              Quantity: 
              1
            </p>
          </div>
          <div
            class="CartProduct__Price-sc-11uohgb-4 NDRzT"
          >
            <p>
              £ 
              899
            </p>
            <div>
              <button
                class="CartProduct__ChangeQuantity-sc-11uohgb-6 JoGgi"
                disabled=""
              >
                -
              </button>
              <button
                class="CartProduct__ChangeQuantity-sc-11uohgb-6 JoGgi"
              >
                +
              </button>
            </div>
          </div>
        </div>
        <div
          class="CartProduct__Container-sc-11uohgb-0 iFEDVZ"
        >
          <button
            class="CartProduct__DeleteButton-sc-11uohgb-5 dlvUQm"
            title="remove product from cart"
          />
          <img
            alt="Samsung Universe 9"
            class="CartProduct__Image-sc-11uohgb-7 dSflEM"
            src="https://i.dummyjson.com/data/products/3/thumbnail.jpg"
          />
          <div
            class="CartProduct__Details-sc-11uohgb-1 dWfwVY"
          >
            <p
              class="CartProduct__Title-sc-11uohgb-2 jVsMjn"
            >
              Samsung Universe 9
            </p>
            <p
              class="CartProduct__Desc-sc-11uohgb-3 ctSnRf"
            >
              Quantity: 
              1
            </p>
          </div>
          <div
            class="CartProduct__Price-sc-11uohgb-4 NDRzT"
          >
            <p>
              £ 
              1249
            </p>
            <div>
              <button
                class="CartProduct__ChangeQuantity-sc-11uohgb-6 JoGgi"
                disabled=""
              >
                -
              </button>
              <button
                class="CartProduct__ChangeQuantity-sc-11uohgb-6 JoGgi"
              >
                +
              </button>
            </div>
          </div>
        </div>
      </div>
    </div>
  </body>,
  "container": <div>
    <div
      class="CartProducts__Container-sc-7th5t8-0 hwjriB"
    >
      <div
        class="CartProduct__Container-sc-11uohgb-0 iFEDVZ"
      >
        <button
          class="CartProduct__DeleteButton-sc-11uohgb-5 dlvUQm"
          title="remove product from cart"
        />
        <img
          alt="iPhone 9"
          class="CartProduct__Image-sc-11uohgb-7 dSflEM"
          src="https://i.dummyjson.com/data/products/1/thumbnail.jpg"
        />
        <div
          class="CartProduct__Details-sc-11uohgb-1 dWfwVY"
        >
          <p
            class="CartProduct__Title-sc-11uohgb-2 jVsMjn"
          >
            iPhone 9
          </p>
          <p
            class="CartProduct__Desc-sc-11uohgb-3 ctSnRf"
          >
            Quantity: 
            1
          </p>
        </div>
        <div
          class="CartProduct__Price-sc-11uohgb-4 NDRzT"
        >
          <p>
            £ 
            549
          </p>
          <div>
            <button
              class="CartProduct__ChangeQuantity-sc-11uohgb-6 JoGgi"
              disabled=""
            >
              -
            </button>
            <button
              class="CartProduct__ChangeQuantity-sc-11uohgb-6 JoGgi"
            >
              +
            </button>
          </div>
        </div>
      </div>
      <div
        class="CartProduct__Container-sc-11uohgb-0 iFEDVZ"
      >
        <button
          class="CartProduct__DeleteButton-sc-11uohgb-5 dlvUQm"
          title="remove product from cart"
        />
        <img
          alt="iPhone X"
          class="CartProduct__Image-sc-11uohgb-7 dSflEM"
          src="https://i.dummyjson.com/data/products/2/thumbnail.jpg"
        />
        <div
          class="CartProduct__Details-sc-11uohgb-1 dWfwVY"
        >
          <p
            class="CartProduct__Title-sc-11uohgb-2 jVsMjn"
          >
            iPhone X
          </p>
          <p
            class="CartProduct__Desc-sc-11uohgb-3 ctSnRf"
          >
            Quantity: 
            1
          </p>
        </div>
        <div
          class="CartProduct__Price-sc-11uohgb-4 NDRzT"
        >
          <p>
            £ 
            899
          </p>
          <div>
            <button
              class="CartProduct__ChangeQuantity-sc-11uohgb-6 JoGgi"
              disabled=""
            >
              -
            </button>
            <button
              class="CartProduct__ChangeQuantity-sc-11uohgb-6 JoGgi"
            >
              +
            </button>
          </div>
        </div>
      </div>
      <div
        class="CartProduct__Container-sc-11uohgb-0 iFEDVZ"
      >
        <button
          class="CartProduct__DeleteButton-sc-11uohgb-5 dlvUQm"
          title="remove product from cart"
        />
        <img
          alt="Samsung Universe 9"
          class="CartProduct__Image-sc-11uohgb-7 dSflEM"
          src="https://i.dummyjson.com/data/products/3/thumbnail.jpg"
        />
        <div
          class="CartProduct__Details-sc-11uohgb-1 dWfwVY"
        >
          <p
            class="CartProduct__Title-sc-11uohgb-2 jVsMjn"
          >
            Samsung Universe 9
          </p>
          <p
            class="CartProduct__Desc-sc-11uohgb-3 ctSnRf"
          >
            Quantity: 
            1
          </p>
        </div>
        <div
          class="CartProduct__Price-sc-11uohgb-4 NDRzT"
        >
          <p>
            £ 
            1249
          </p>
          <div>
            <button
              class="CartProduct__ChangeQuantity-sc-11uohgb-6 JoGgi"
              disabled=""
            >
              -
            </button>
            <button
              class="CartProduct__ChangeQuantity-sc-11uohgb-6 JoGgi"
            >
              +
            </button>
          </div>
        </div>
      </div>
    </div>
  </div>,
  "debug": [Function],
  "findAllByAltText": [Function],
  "findAllByDisplayValue": [Function],
  "findAllByLabelText": [Function],
  "findAllByPlaceholderText": [Function],
  "findAllByRole": [Function],
  "findAllByTestId": [Function],
  "findAllByText": [Function],
  "findAllByTitle": [Function],
  "findByAltText": [Function],
  "findByDisplayValue": [Function],
  "findByLabelText": [Function],
  "findByPlaceholderText": [Function],
  "findByRole": [Function],
  "findByTestId": [Function],
  "findByText": [Function],
  "findByTitle": [Function],
  "getAllByAltText": [Function],
  "getAllByDisplayValue": [Function],
  "getAllByLabelText": [Function],
  "getAllByPlaceholderText": [Function],
  "getAllByRole": [Function],
  "getAllByTestId": [Function],
  "getAllByText": [Function],
  "getAllByTitle": [Function],
  "getByAltText": [Function],
  "getByDisplayValue": [Function],
  "getByLabelText": [Function],
  "getByPlaceholderText": [Function],
  "getByRole": [Function],
  "getByTestId": [Function],
  "getByText": [Function],
  "getByTitle": [Function],
  "queryAllByAltText": [Function],
  "queryAllByDisplayValue": [Function],
  "queryAllByLabelText": [Function],
  "queryAllByPlaceholderText": [Function],
  "queryAllByRole": [Function],
  "queryAllByTestId": [Function],
  "queryAllByText": [Function],
  "queryAllByTitle": [Function],
  "queryByAltText": [Function],
  "queryByDisplayValue": [Function],
  "queryByLabelText": [Function],
  "queryByPlaceholderText": [Function],
  "queryByRole": [Function],
  "queryByTestId": [Function],
  "queryByText": [Function],
  "queryByTitle": [Function],
  "rerender": [Function],
  "unmount": [Function],
}
`;
